2025-08-05 14:34:32,151 CRIT Supervisor is running as root.  Privileges were not dropped because no user is specified in the config file.  If you intend to run as root, you can set user=root in the config file to avoid this message.
2025-08-05 14:34:32,152 INFO supervisord started with pid 1
2025-08-05 14:34:33,155 INFO spawned: 'laravel-worker_00' with pid 7
2025-08-05 14:34:33,157 INFO spawned: 'laravel-worker_01' with pid 8
2025-08-05 14:34:33,159 INFO spawned: 'laravel-worker_02' with pid 9
2025-08-05 14:34:33,564 WARN exited: laravel-worker_01 (exit status 1; not expected)
2025-08-05 14:34:33,564 WARN exited: laravel-worker_02 (exit status 1; not expected)
2025-08-05 14:34:33,564 WARN exited: laravel-worker_00 (exit status 1; not expected)
2025-08-05 14:34:34,567 INFO spawned: 'laravel-worker_00' with pid 22
2025-08-05 14:34:34,571 INFO spawned: 'laravel-worker_01' with pid 23
2025-08-05 14:34:34,573 INFO spawned: 'laravel-worker_02' with pid 24
2025-08-05 14:34:34,796 WARN exited: laravel-worker_02 (exit status 1; not expected)
2025-08-05 14:34:34,796 WARN exited: laravel-worker_01 (exit status 1; not expected)
2025-08-05 14:34:34,809 WARN exited: laravel-worker_00 (exit status 1; not expected)
2025-08-05 14:34:36,811 INFO spawned: 'laravel-worker_00' with pid 37
2025-08-05 14:34:36,813 INFO spawned: 'laravel-worker_01' with pid 38
2025-08-05 14:34:36,814 INFO spawned: 'laravel-worker_02' with pid 39
2025-08-05 14:34:37,073 WARN exited: laravel-worker_00 (exit status 1; not expected)
2025-08-05 14:34:37,073 WARN exited: laravel-worker_01 (exit status 1; not expected)
2025-08-05 14:34:37,114 WARN exited: laravel-worker_02 (exit status 1; not expected)
2025-08-05 14:34:40,118 INFO spawned: 'laravel-worker_00' with pid 52
2025-08-05 14:34:40,120 INFO spawned: 'laravel-worker_01' with pid 53
2025-08-05 14:34:40,121 INFO spawned: 'laravel-worker_02' with pid 54
2025-08-05 14:34:40,295 WARN exited: laravel-worker_01 (exit status 1; not expected)
2025-08-05 14:34:40,301 INFO gave up: laravel-worker_01 entered FATAL state, too many start retries too quickly
2025-08-05 14:34:40,301 WARN exited: laravel-worker_00 (exit status 1; not expected)
2025-08-05 14:34:40,301 WARN exited: laravel-worker_02 (exit status 1; not expected)
2025-08-05 14:34:40,302 INFO gave up: laravel-worker_00 entered FATAL state, too many start retries too quickly
2025-08-05 14:34:40,302 INFO gave up: laravel-worker_02 entered FATAL state, too many start retries too quickly
2025-08-05 15:04:18,186 WARN received SIGQUIT indicating exit request
2025-08-05 15:04:38,611 CRIT Supervisor is running as root.  Privileges were not dropped because no user is specified in the config file.  If you intend to run as root, you can set user=root in the config file to avoid this message.
2025-08-05 15:04:38,615 INFO supervisord started with pid 1
2025-08-05 15:04:39,618 INFO spawned: 'laravel-worker_00' with pid 7
2025-08-05 15:04:39,621 INFO spawned: 'laravel-worker_01' with pid 8
2025-08-05 15:04:39,625 INFO spawned: 'laravel-worker_02' with pid 9
2025-08-05 15:04:39,964 WARN exited: laravel-worker_01 (exit status 1; not expected)
2025-08-05 15:04:39,973 WARN exited: laravel-worker_02 (exit status 1; not expected)
2025-08-05 15:04:39,993 WARN exited: laravel-worker_00 (exit status 1; not expected)
2025-08-05 15:04:40,996 INFO spawned: 'laravel-worker_00' with pid 22
2025-08-05 15:04:41,000 INFO spawned: 'laravel-worker_01' with pid 23
2025-08-05 15:04:41,006 INFO spawned: 'laravel-worker_02' with pid 24
2025-08-05 15:04:41,371 WARN exited: laravel-worker_01 (exit status 1; not expected)
2025-08-05 15:04:41,377 WARN exited: laravel-worker_02 (exit status 1; not expected)
2025-08-05 15:04:41,383 WARN exited: laravel-worker_00 (exit status 1; not expected)
2025-08-05 15:04:43,392 INFO spawned: 'laravel-worker_00' with pid 37
2025-08-05 15:04:43,396 INFO spawned: 'laravel-worker_01' with pid 38
2025-08-05 15:04:43,405 INFO spawned: 'laravel-worker_02' with pid 39
2025-08-05 15:04:43,714 WARN exited: laravel-worker_01 (exit status 1; not expected)
2025-08-05 15:04:43,727 WARN exited: laravel-worker_02 (exit status 1; not expected)
2025-08-05 15:04:43,735 WARN exited: laravel-worker_00 (exit status 1; not expected)
2025-08-05 15:04:46,740 INFO spawned: 'laravel-worker_00' with pid 52
2025-08-05 15:04:46,742 INFO spawned: 'laravel-worker_01' with pid 53
2025-08-05 15:04:46,744 INFO spawned: 'laravel-worker_02' with pid 54
2025-08-05 15:04:46,982 WARN exited: laravel-worker_01 (exit status 1; not expected)
2025-08-05 15:04:46,983 INFO gave up: laravel-worker_01 entered FATAL state, too many start retries too quickly
2025-08-05 15:04:46,983 WARN exited: laravel-worker_00 (exit status 1; not expected)
2025-08-05 15:04:46,987 INFO gave up: laravel-worker_00 entered FATAL state, too many start retries too quickly
2025-08-05 15:04:46,987 WARN exited: laravel-worker_02 (exit status 1; not expected)
2025-08-05 15:04:47,988 INFO gave up: laravel-worker_02 entered FATAL state, too many start retries too quickly
2025-08-05 15:06:34,100 WARN received SIGQUIT indicating exit request
2025-08-05 15:10:34,995 CRIT Supervisor is running as root.  Privileges were not dropped because no user is specified in the config file.  If you intend to run as root, you can set user=root in the config file to avoid this message.
2025-08-05 15:10:34,999 INFO supervisord started with pid 1
2025-08-05 15:10:36,003 INFO spawned: 'laravel-worker_00' with pid 6
2025-08-05 15:10:36,006 INFO spawned: 'laravel-worker_01' with pid 7
2025-08-05 15:10:36,009 INFO spawned: 'laravel-worker_02' with pid 8
2025-08-05 15:10:36,353 WARN exited: laravel-worker_02 (exit status 1; not expected)
2025-08-05 15:10:36,371 WARN exited: laravel-worker_01 (exit status 1; not expected)
2025-08-05 15:10:36,378 WARN exited: laravel-worker_00 (exit status 1; not expected)
2025-08-05 15:10:37,381 INFO spawned: 'laravel-worker_00' with pid 21
2025-08-05 15:10:37,383 INFO spawned: 'laravel-worker_01' with pid 22
2025-08-05 15:10:37,385 INFO spawned: 'laravel-worker_02' with pid 23
2025-08-05 15:10:37,626 WARN exited: laravel-worker_00 (exit status 1; not expected)
2025-08-05 15:10:37,637 WARN exited: laravel-worker_01 (exit status 1; not expected)
2025-08-05 15:10:37,643 WARN exited: laravel-worker_02 (exit status 1; not expected)
2025-08-05 15:10:39,646 INFO spawned: 'laravel-worker_00' with pid 36
2025-08-05 15:10:39,648 INFO spawned: 'laravel-worker_01' with pid 37
2025-08-05 15:10:39,650 INFO spawned: 'laravel-worker_02' with pid 38
2025-08-05 15:10:39,875 WARN exited: laravel-worker_00 (exit status 1; not expected)
2025-08-05 15:10:39,879 WARN exited: laravel-worker_01 (exit status 1; not expected)
2025-08-05 15:10:39,880 WARN exited: laravel-worker_02 (exit status 1; not expected)
2025-08-05 15:10:42,884 INFO spawned: 'laravel-worker_00' with pid 51
2025-08-05 15:10:42,886 INFO spawned: 'laravel-worker_01' with pid 52
2025-08-05 15:10:42,888 INFO spawned: 'laravel-worker_02' with pid 53
2025-08-05 15:10:43,159 WARN exited: laravel-worker_00 (exit status 1; not expected)
2025-08-05 15:10:43,159 WARN exited: laravel-worker_02 (exit status 1; not expected)
2025-08-05 15:10:43,159 INFO gave up: laravel-worker_00 entered FATAL state, too many start retries too quickly
2025-08-05 15:10:43,159 INFO gave up: laravel-worker_02 entered FATAL state, too many start retries too quickly
2025-08-05 15:10:43,165 WARN exited: laravel-worker_01 (exit status 1; not expected)
2025-08-05 15:10:44,166 INFO gave up: laravel-worker_01 entered FATAL state, too many start retries too quickly
2025-08-05 15:51:46,806 WARN received SIGQUIT indicating exit request
2025-08-05 15:52:03,127 CRIT Supervisor is running as root.  Privileges were not dropped because no user is specified in the config file.  If you intend to run as root, you can set user=root in the config file to avoid this message.
2025-08-05 15:52:03,132 INFO supervisord started with pid 1
2025-08-05 15:52:04,140 INFO spawned: 'laravel-worker_00' with pid 7
2025-08-05 15:52:04,146 INFO spawned: 'laravel-worker_01' with pid 8
2025-08-05 15:52:04,151 INFO spawned: 'laravel-worker_02' with pid 9
2025-08-05 15:52:05,153 INFO success: laravel-worker_00 entered RUNNING state, process has stayed up for > than 1 seconds (startsecs)
2025-08-05 15:52:05,153 INFO success: laravel-worker_01 entered RUNNING state, process has stayed up for > than 1 seconds (startsecs)
2025-08-05 15:52:05,153 INFO success: laravel-worker_02 entered RUNNING state, process has stayed up for > than 1 seconds (startsecs)
2025-08-05 16:10:40,679 WARN received SIGQUIT indicating exit request
2025-08-05 16:10:40,679 INFO waiting for laravel-worker_00, laravel-worker_01, laravel-worker_02 to die
2025-08-05 16:10:40,684 WARN stopped: laravel-worker_01 (terminated by SIGTERM)
2025-08-05 16:10:40,686 WARN stopped: laravel-worker_02 (terminated by SIGTERM)
2025-08-05 16:10:40,686 WARN stopped: laravel-worker_00 (terminated by SIGTERM)
2025-08-05 16:10:56,285 CRIT Supervisor is running as root.  Privileges were not dropped because no user is specified in the config file.  If you intend to run as root, you can set user=root in the config file to avoid this message.
2025-08-05 16:10:56,287 INFO supervisord started with pid 1
2025-08-05 16:10:57,297 INFO spawned: 'laravel-worker_00' with pid 6
2025-08-05 16:10:57,309 INFO spawned: 'laravel-worker_01' with pid 7
2025-08-05 16:10:57,317 INFO spawned: 'laravel-worker_02' with pid 8
2025-08-05 16:10:58,319 INFO success: laravel-worker_00 entered RUNNING state, process has stayed up for > than 1 seconds (startsecs)
2025-08-05 16:10:58,319 INFO success: laravel-worker_01 entered RUNNING state, process has stayed up for > than 1 seconds (startsecs)
2025-08-05 16:10:58,320 INFO success: laravel-worker_02 entered RUNNING state, process has stayed up for > than 1 seconds (startsecs)
2025-08-05 16:11:37,586 WARN received SIGQUIT indicating exit request
2025-08-05 16:11:37,586 INFO waiting for laravel-worker_00, laravel-worker_01, laravel-worker_02 to die
2025-08-05 16:11:37,591 WARN stopped: laravel-worker_00 (terminated by SIGTERM)
2025-08-05 16:11:37,591 WARN stopped: laravel-worker_01 (terminated by SIGTERM)
2025-08-05 16:11:37,592 WARN stopped: laravel-worker_02 (terminated by SIGTERM)
2025-08-05 16:11:51,323 CRIT Supervisor is running as root.  Privileges were not dropped because no user is specified in the config file.  If you intend to run as root, you can set user=root in the config file to avoid this message.
2025-08-05 16:11:51,327 INFO supervisord started with pid 1
2025-08-05 16:11:52,330 INFO spawned: 'laravel-worker_00' with pid 7
2025-08-05 16:11:52,333 INFO spawned: 'laravel-worker_01' with pid 8
2025-08-05 16:11:52,335 INFO spawned: 'laravel-worker_02' with pid 9
2025-08-05 16:11:53,337 INFO success: laravel-worker_00 entered RUNNING state, process has stayed up for > than 1 seconds (startsecs)
2025-08-05 16:11:53,337 INFO success: laravel-worker_01 entered RUNNING state, process has stayed up for > than 1 seconds (startsecs)
2025-08-05 16:11:53,337 INFO success: laravel-worker_02 entered RUNNING state, process has stayed up for > than 1 seconds (startsecs)
2025-08-05 16:12:06,350 WARN received SIGQUIT indicating exit request
2025-08-05 16:12:06,350 INFO waiting for laravel-worker_00, laravel-worker_01, laravel-worker_02 to die
2025-08-05 16:12:06,355 WARN stopped: laravel-worker_00 (terminated by SIGTERM)
2025-08-05 16:12:06,356 WARN stopped: laravel-worker_01 (terminated by SIGTERM)
2025-08-05 16:12:06,356 WARN stopped: laravel-worker_02 (terminated by SIGTERM)
2025-08-05 16:12:38,953 CRIT Supervisor is running as root.  Privileges were not dropped because no user is specified in the config file.  If you intend to run as root, you can set user=root in the config file to avoid this message.
2025-08-05 16:12:38,957 INFO supervisord started with pid 1
2025-08-05 16:12:39,959 INFO spawned: 'laravel-worker_00' with pid 7
2025-08-05 16:12:39,961 INFO spawned: 'laravel-worker_01' with pid 8
2025-08-05 16:12:39,963 INFO spawned: 'laravel-worker_02' with pid 9
2025-08-05 16:12:40,964 INFO success: laravel-worker_00 entered RUNNING state, process has stayed up for > than 1 seconds (startsecs)
2025-08-05 16:12:40,964 INFO success: laravel-worker_01 entered RUNNING state, process has stayed up for > than 1 seconds (startsecs)
2025-08-05 16:12:40,964 INFO success: laravel-worker_02 entered RUNNING state, process has stayed up for > than 1 seconds (startsecs)
2025-08-06 04:51:53,935 WARN received SIGQUIT indicating exit request
2025-08-06 04:51:53,935 INFO waiting for laravel-worker_00, laravel-worker_01, laravel-worker_02 to die
2025-08-06 04:51:53,939 WARN stopped: laravel-worker_02 (terminated by SIGTERM)
2025-08-06 04:51:53,939 WARN stopped: laravel-worker_00 (terminated by SIGTERM)
2025-08-06 04:51:53,939 WARN stopped: laravel-worker_01 (terminated by SIGTERM)
2025-08-08 04:43:34,329 CRIT Supervisor is running as root.  Privileges were not dropped because no user is specified in the config file.  If you intend to run as root, you can set user=root in the config file to avoid this message.
2025-08-08 04:43:34,340 INFO supervisord started with pid 1
2025-08-08 04:43:35,345 INFO spawned: 'laravel-worker_00' with pid 7
2025-08-08 04:43:35,350 INFO spawned: 'laravel-worker_01' with pid 8
2025-08-08 04:43:35,357 INFO spawned: 'laravel-worker_02' with pid 9
2025-08-08 04:43:35,365 INFO spawned: 'reverb' with pid 10
2025-08-08 04:43:36,475 INFO success: laravel-worker_00 entered RUNNING state, process has stayed up for > than 1 seconds (startsecs)
2025-08-08 04:43:36,476 INFO success: laravel-worker_01 entered RUNNING state, process has stayed up for > than 1 seconds (startsecs)
2025-08-08 04:43:36,476 INFO success: laravel-worker_02 entered RUNNING state, process has stayed up for > than 1 seconds (startsecs)
2025-08-08 04:43:36,476 INFO success: reverb entered RUNNING state, process has stayed up for > than 1 seconds (startsecs)
2025-08-08 04:43:36,706 WARN exited: reverb (exit status 1; not expected)
2025-08-08 04:43:37,711 INFO spawned: 'reverb' with pid 25
2025-08-08 04:43:38,486 WARN exited: reverb (exit status 1; not expected)
2025-08-08 04:43:39,492 INFO spawned: 'reverb' with pid 28
2025-08-08 04:43:40,219 WARN exited: reverb (exit status 1; not expected)
2025-08-08 04:43:42,226 INFO spawned: 'reverb' with pid 31
2025-08-08 04:43:42,915 WARN exited: reverb (exit status 1; not expected)
2025-08-08 04:43:45,924 INFO spawned: 'reverb' with pid 34
2025-08-08 04:43:46,608 WARN exited: reverb (exit status 1; not expected)
2025-08-08 04:43:47,610 INFO gave up: reverb entered FATAL state, too many start retries too quickly
